// Jest Snapshot v1, https://goo.gl/fbAQLP

exports[`App component should  should render ButtonPanel and Display components 1`] = `
<div
  className="calculator"
>
  <div
    className="calculator__screen"
  >
    <div
      className="calculator__operation"
    />
    <div
      className="calculator__result"
    >
      0
    </div>
  </div>
  <div
    className="calculator__buttons"
  >
    <button
      className="btn"
      id="button-AC"
      onClick={[Function]}
      type="button"
    >
      AC
    </button>
    <button
      className="btn"
      id="button-+/-"
      onClick={[Function]}
      type="button"
    >
      +/-
    </button>
    <button
      className="btn"
      id="button-%"
      onClick={[Function]}
      type="button"
    >
      %
    </button>
    <button
      className="btn"
      id="button-รท"
      onClick={[Function]}
      type="button"
    >
      รท
    </button>
  </div>
  <div
    className="calculator__buttons"
  >
    <button
      className="btn"
      id="button-7"
      onClick={[Function]}
      type="button"
    >
      7
    </button>
    <button
      className="btn"
      id="button-8"
      onClick={[Function]}
      type="button"
    >
      8
    </button>
    <button
      className="btn"
      id="button-9"
      onClick={[Function]}
      type="button"
    >
      9
    </button>
    <button
      className="btn"
      id="button-X"
      onClick={[Function]}
      type="button"
    >
      X
    </button>
  </div>
  <div
    className="calculator__buttons"
  >
    <button
      className="btn"
      id="button-4"
      onClick={[Function]}
      type="button"
    >
      4
    </button>
    <button
      className="btn"
      id="button-5"
      onClick={[Function]}
      type="button"
    >
      5
    </button>
    <button
      className="btn"
      id="button-6"
      onClick={[Function]}
      type="button"
    >
      6
    </button>
    <button
      className="btn"
      id="button--"
      onClick={[Function]}
      type="button"
    >
      -
    </button>
  </div>
  <div
    className="calculator__buttons"
  >
    <button
      className="btn"
      id="button-1"
      onClick={[Function]}
      type="button"
    >
      1
    </button>
    <button
      className="btn"
      id="button-2"
      onClick={[Function]}
      type="button"
    >
      2
    </button>
    <button
      className="btn"
      id="button-3"
      onClick={[Function]}
      type="button"
    >
      3
    </button>
    <button
      className="btn"
      id="button-+"
      onClick={[Function]}
      type="button"
    >
      +
    </button>
  </div>
  <div
    className="calculator__buttons"
  >
    <button
      className="btn"
      id="button-0"
      onClick={[Function]}
      type="button"
    >
      0
    </button>
    <button
      className="btn"
      id="button-."
      onClick={[Function]}
      type="button"
    >
      .
    </button>
    <button
      className="btn"
      id="button-="
      onClick={[Function]}
      type="button"
    >
      =
    </button>
    <button
      className="btn"
      id="button-"
      onClick={[Function]}
      type="button"
    >
      
    </button>
  </div>
</div>
`;
